18:21:39.179 - INFO - UTILS - version=1.10.1
18:21:39.179 - INFO - UTILS - developer: Oliver Schwengers, github.com/oschwengers
18:21:39.180 - INFO - UTILS - command: /home/patricio/mambaforge-pypy3/envs/bakta/bin/bakta --db /media/databases/bakta_db_2024/db/ -p MGEs --output selected_bakta --meta --threads 15 --force selected_contigs.fasta
18:21:39.180 - INFO - UTILS - local time: 2024-11-29 18:21:39
18:21:39.182 - INFO - UTILS - machine: type=x86_64, cores=20
18:21:39.182 - INFO - UTILS - system: type=Linux, release=5.19.0-1010-nvidia-lowlatency
18:21:39.182 - INFO - UTILS - python: version=3.11.10, implementation=CPython
18:21:39.183 - INFO - CONFIG - threads=15
18:21:39.183 - INFO - CONFIG - verbose=False
18:21:39.183 - INFO - CONFIG - debug=False
18:21:39.183 - INFO - CONFIG - database: type=parameter, path=/media/databases/bakta_db_2024/db
18:21:39.184 - INFO - CONFIG - tmp-path=/tmp/tmp6w6ri4zo
18:21:39.184 - INFO - CONFIG - genome-path=/media/databases/remake_antarctic_blas_pipeline/26.MGE_analysis/selected_contigs.fasta
18:21:39.184 - INFO - CONFIG - min_contig_length=1
18:21:39.184 - INFO - CONFIG - prefix=MGEs
18:21:39.184 - INFO - CONFIG - output-path=/media/databases/remake_antarctic_blas_pipeline/26.MGE_analysis/selected_bakta
18:21:39.184 - INFO - CONFIG - force=True
18:21:39.184 - INFO - CONFIG - genus=None
18:21:39.184 - INFO - CONFIG - species=None
18:21:39.184 - INFO - CONFIG - strain=None
18:21:39.184 - INFO - CONFIG - plasmid=None
18:21:39.184 - INFO - CONFIG - complete=False
18:21:39.184 - INFO - CONFIG - prodigal_tf=None
18:21:39.184 - INFO - CONFIG - translation_table=11
18:21:39.184 - INFO - CONFIG - gram=?
18:21:39.185 - INFO - CONFIG - compliant=False
18:21:39.185 - INFO - CONFIG - meta=True
18:21:39.185 - INFO - CONFIG - locus=None
18:21:39.185 - INFO - CONFIG - locus-tag=None
18:21:39.185 - INFO - CONFIG - locus-tag-increment=1
18:21:39.185 - INFO - CONFIG - keep_contig_headers=False
18:21:39.185 - INFO - CONFIG - replicon-table=None
18:21:39.185 - INFO - CONFIG - regions=None
18:21:39.185 - INFO - CONFIG - skip-tRNA=False
18:21:39.185 - INFO - CONFIG - skip-tmRNA=False
18:21:39.185 - INFO - CONFIG - skip-rRNA=False
18:21:39.185 - INFO - CONFIG - skip-ncRNA=False
18:21:39.185 - INFO - CONFIG - skip-ncRNA-region=False
18:21:39.185 - INFO - CONFIG - skip-CRISPR=False
18:21:39.185 - INFO - CONFIG - skip-CDS=False
18:21:39.185 - INFO - CONFIG - skip-pseudo=False
18:21:39.185 - INFO - CONFIG - skip-sORF=False
18:21:39.185 - INFO - CONFIG - skip-gap=False
18:21:39.185 - INFO - CONFIG - skip-ori=False
18:21:39.185 - INFO - CONFIG - skip-filter=False
18:21:39.185 - INFO - CONFIG - skip-plot=False
18:21:39.186 - INFO - DB - detected: major=5, minor=1, type=full, date=2024-01-19
18:21:39.334 - INFO - UTILS - dependency: tool=tRNAscan-SE, version=v2.0.12, path=/home/patricio/mambaforge-pypy3/envs/bakta/bin/tRNAscan-SE
18:21:39.336 - INFO - UTILS - dependency: tool=Aragorn, version=v1.2.41, path=/home/patricio/mambaforge-pypy3/envs/bakta/bin/aragorn
18:21:39.342 - INFO - UTILS - dependency: tool=CMscan, version=v1.1.5, path=/home/patricio/mambaforge-pypy3/envs/bakta/bin/cmscan
18:21:39.346 - INFO - UTILS - dependency: tool=PilerCR, version=v1.6.0, path=/home/patricio/mambaforge-pypy3/envs/bakta/bin/pilercr
18:21:39.497 - INFO - UTILS - dependency: tool=Pyrodigal, version=v3.6.3, path=/home/patricio/mambaforge-pypy3/envs/bakta/bin/python3.11
18:21:39.502 - INFO - UTILS - dependency: tool=AMRFinderPlus, version=v4.0.3, path=/home/patricio/mambaforge-pypy3/envs/bakta/bin/amrfinder
18:21:39.617 - INFO - UTILS - dependency: tool=Pyhmmer, version=v0.10.15, path=/home/patricio/mambaforge-pypy3/envs/bakta/bin/python3.11
18:21:39.623 - INFO - UTILS - dependency: tool=Diamond, version=v2.1.10, path=/home/patricio/mambaforge-pypy3/envs/bakta/bin/diamond
18:21:39.780 - INFO - UTILS - dependency: tool=Blastn, version=v2.16.0, path=/home/patricio/mambaforge-pypy3/envs/bakta/bin/blastn
18:21:41.264 - INFO - UTILS - dependency: tool=pyCirclize, version=v1.7.1, path=/home/patricio/mambaforge-pypy3/envs/bakta/bin/python3.11
18:21:41.269 - INFO - FASTA - imported: id=CS1_contigs.fasta~NODE_48796_length_872_cov_1.133415, length=872, description=, genomic=True, dna=True
18:21:41.270 - INFO - FASTA - imported: id=CS1_contigs.fasta~NODE_569_length_16790_cov_6.108933, length=16790, description=, genomic=True, dna=True
18:21:41.270 - INFO - FASTA - imported: id=ERR4182670_contigs.fasta~NODE_176893_length_1123_cov_4.640449, length=1123, description=, genomic=True, dna=True
18:21:41.270 - INFO - FASTA - imported: id=ERR4182670_contigs.fasta~NODE_49115_length_2708_cov_12.000754, length=2708, description=, genomic=True, dna=True
18:21:41.271 - INFO - FASTA - imported: id=SRR6263654_contigs.fasta~NODE_15191_length_3266_cov_4.399875, length=3266, description=, genomic=True, dna=True
18:21:41.272 - INFO - FASTA - imported: id=SRR6263654_contigs.fasta~NODE_268_length_19389_cov_5.807541, length=19389, description=, genomic=True, dna=True
18:21:41.273 - INFO - FASTA - imported: id=SRR6266334_contigs.fasta~NODE_159_length_28336_cov_5.450903, length=28336, description=, genomic=True, dna=True
18:21:41.273 - INFO - FASTA - imported: id=shotgun_illumina_3rd_COP_ECA55_contigs.fasta~NODE_9679_length_4870_cov_3.304465, length=4870, description=, genomic=True, dna=True
18:21:41.273 - INFO - MAIN - imported sequences=8
18:21:41.273 - INFO - UTILS - qc: revised sequence: id=contig_1, orig-id=CS1_contigs.fasta~NODE_48796_length_872_cov_1.133415, type=sequence, complete=False, topology=linear, name=, description='[gcode=11] [topology=linear]', orig-description=''
18:21:41.274 - INFO - UTILS - qc: revised sequence: id=contig_2, orig-id=CS1_contigs.fasta~NODE_569_length_16790_cov_6.108933, type=sequence, complete=False, topology=linear, name=, description='[gcode=11] [topology=linear]', orig-description=''
18:21:41.274 - INFO - UTILS - qc: revised sequence: id=contig_3, orig-id=ERR4182670_contigs.fasta~NODE_176893_length_1123_cov_4.640449, type=sequence, complete=False, topology=linear, name=, description='[gcode=11] [topology=linear]', orig-description=''
18:21:41.274 - INFO - UTILS - qc: revised sequence: id=contig_4, orig-id=ERR4182670_contigs.fasta~NODE_49115_length_2708_cov_12.000754, type=sequence, complete=False, topology=linear, name=, description='[gcode=11] [topology=linear]', orig-description=''
18:21:41.274 - INFO - UTILS - qc: revised sequence: id=contig_5, orig-id=SRR6263654_contigs.fasta~NODE_15191_length_3266_cov_4.399875, type=sequence, complete=False, topology=linear, name=, description='[gcode=11] [topology=linear]', orig-description=''
18:21:41.274 - INFO - UTILS - qc: revised sequence: id=contig_6, orig-id=SRR6263654_contigs.fasta~NODE_268_length_19389_cov_5.807541, type=sequence, complete=False, topology=linear, name=, description='[gcode=11] [topology=linear]', orig-description=''
18:21:41.274 - INFO - UTILS - qc: revised sequence: id=contig_7, orig-id=SRR6266334_contigs.fasta~NODE_159_length_28336_cov_5.450903, type=sequence, complete=False, topology=linear, name=, description='[gcode=11] [topology=linear]', orig-description=''
18:21:41.274 - INFO - UTILS - qc: revised sequence: id=contig_8, orig-id=shotgun_illumina_3rd_COP_ECA55_contigs.fasta~NODE_9679_length_4870_cov_3.304465, type=sequence, complete=False, topology=linear, name=, description='[gcode=11] [topology=linear]', orig-description=''
18:21:41.274 - INFO - FASTA - write genome sequences: path=/tmp/tmp6w6ri4zo/sequences.fna, description=False, wrap=False
18:21:44.091 - INFO - T_RNA - seq=contig_7, start=19906, stop=19982, strand=-, gene=trnP, product=tRNA-Pro(tgg), score=84.2, nt=[CGGGGCGTAG..GCCCCGACCA]
18:21:44.091 - INFO - T_RNA - predicted=1
18:21:44.153 - INFO - TM_RNA - predicted=0
18:21:44.351 - INFO - R_RNA - predicted=0
18:21:51.473 - INFO - NC_RNA - predicted=0
18:21:52.403 - INFO - NC_RNA_REGION - predicted=0
18:21:52.432 - INFO - CRISPR - predicted=0
18:21:52.432 - INFO - CDS - skip creation of prodigal training info object: meta=True, closed=True
18:21:52.454 - INFO - CDS - seq=contig_1, start=58, stop=795, strand=+, frame=1, truncated=no, start-type=ATG, RBS-motif=AGGA
18:21:52.454 - INFO - CDS - seq=contig_1, start=58, stop=795, strand=+, nt=[ATGGCAATCC..TGCGCGATAA]
18:21:52.655 - INFO - CDS - seq=contig_2, start=515, stop=1315, strand=-, frame=2, truncated=no, start-type=ATG, RBS-motif=AGGA
18:21:52.655 - INFO - CDS - seq=contig_2, start=1522, stop=1770, strand=-, frame=3, truncated=no, start-type=ATG, RBS-motif=AGGAG
18:21:52.655 - INFO - CDS - seq=contig_2, start=1999, stop=2952, strand=+, frame=1, truncated=no, start-type=ATG, RBS-motif=GGA/GAG/AGG
18:21:52.656 - INFO - CDS - seq=contig_2, start=3057, stop=3470, strand=+, frame=3, truncated=no, start-type=ATG, RBS-motif=GGA/GAG/AGG
18:21:52.656 - INFO - CDS - seq=contig_2, start=3630, stop=4361, strand=+, frame=3, truncated=no, start-type=ATG, RBS-motif=None
18:21:52.656 - INFO - CDS - seq=contig_2, start=4378, stop=5397, strand=+, frame=1, truncated=no, start-type=ATG, RBS-motif=GGAG/GAGG
18:21:52.656 - INFO - CDS - seq=contig_2, start=5456, stop=6085, strand=+, frame=2, truncated=no, start-type=ATG, RBS-motif=GGA/GAG/AGG
18:21:52.656 - INFO - CDS - seq=contig_2, start=6082, stop=7647, strand=+, frame=1, truncated=no, start-type=ATG, RBS-motif=None
18:21:52.656 - INFO - CDS - seq=contig_2, start=7931, stop=8200, strand=+, frame=2, truncated=no, start-type=ATG, RBS-motif=GGA/GAG/AGG
18:21:52.656 - INFO - CDS - seq=contig_2, start=8184, stop=8804, strand=+, frame=3, truncated=no, start-type=ATG, RBS-motif=None
18:21:52.656 - INFO - CDS - seq=contig_2, start=8882, stop=10696, strand=+, frame=2, truncated=no, start-type=ATG, RBS-motif=GGA/GAG/AGG
18:21:52.656 - INFO - CDS - seq=contig_2, start=10893, stop=11642, strand=+, frame=3, truncated=no, start-type=ATG, RBS-motif=None
18:21:52.656 - INFO - CDS - seq=contig_2, start=11678, stop=12922, strand=+, frame=2, truncated=no, start-type=TTG, RBS-motif=GGA/GAG/AGG
18:21:52.656 - INFO - CDS - seq=contig_2, start=13042, stop=13776, strand=+, frame=1, truncated=no, start-type=ATG, RBS-motif=None
18:21:52.656 - INFO - CDS - seq=contig_2, start=13779, stop=14201, strand=+, frame=3, truncated=no, start-type=ATG, RBS-motif=GGA/GAG/AGG
18:21:52.657 - INFO - CDS - seq=contig_2, start=14300, stop=15811, strand=-, frame=2, truncated=no, start-type=ATG, RBS-motif=GGAG/GAGG
18:21:52.657 - INFO - CDS - seq=contig_2, start=15882, stop=16679, strand=-, frame=1, truncated=no, start-type=ATG, RBS-motif=None
18:21:52.657 - INFO - CDS - seq=contig_2, start=515, stop=1315, strand=-, nt=[ATGGCAATCC..GCCCAACTAA]
18:21:52.657 - INFO - CDS - seq=contig_2, start=1522, stop=1770, strand=-, nt=[ATGAGTTTTT..GACTGCCTAA]
18:21:52.657 - INFO - CDS - seq=contig_2, start=1999, stop=2952, strand=+, nt=[ATGCGCAATC..TGCGCTGTAG]
18:21:52.657 - INFO - CDS - seq=contig_2, start=3057, stop=3470, strand=+, nt=[ATGGCAGGTT..TAGCCACTGA]
18:21:52.657 - INFO - CDS - seq=contig_2, start=3630, stop=4361, strand=+, nt=[ATGAGCACTA..CAAATGTTGA]
18:21:52.657 - INFO - CDS - seq=contig_2, start=4378, stop=5397, strand=+, nt=[ATGAAAAAGT..CCTGCAATAA]
18:21:52.657 - INFO - CDS - seq=contig_2, start=5456, stop=6085, strand=+, nt=[ATGGCAACAC..CGCGATATGA]
18:21:52.657 - INFO - CDS - seq=contig_2, start=6082, stop=7647, strand=+, nt=[ATGAAGCGGT..GATTTTTTAG]
18:21:52.657 - INFO - CDS - seq=contig_2, start=7931, stop=8200, strand=+, nt=[ATGGCGATAA..GTTTTCGTAA]
18:21:52.657 - INFO - CDS - seq=contig_2, start=8184, stop=8804, strand=+, nt=[ATGGCGCGTT..CACCCGTTAA]
18:21:52.657 - INFO - CDS - seq=contig_2, start=8882, stop=10696, strand=+, nt=[ATGGCCATGC..ACCGGCCTGA]
18:21:52.657 - INFO - CDS - seq=contig_2, start=10893, stop=11642, strand=+, nt=[ATGACCACTT..TCAGGTCTAA]
18:21:52.657 - INFO - CDS - seq=contig_2, start=11678, stop=12922, strand=+, nt=[TTGAAGCAGG..AAACTATTGA]
18:21:52.657 - INFO - CDS - seq=contig_2, start=13042, stop=13776, strand=+, nt=[ATGTTTAGAA..AAGAAACTGA]
18:21:52.657 - INFO - CDS - seq=contig_2, start=13779, stop=14201, strand=+, nt=[ATGTTGGTAC..ACGCGCTTAA]
18:21:52.657 - INFO - CDS - seq=contig_2, start=14300, stop=15811, strand=-, nt=[ATGCCACTGC..GTGGGGCTGA]
18:21:52.657 - INFO - CDS - seq=contig_2, start=15882, stop=16679, strand=-, nt=[ATGACTGAAA..GCATCTGTGA]
18:21:52.658 - INFO - CDS - seq=contig_3, start=172, stop=1035, strand=+, frame=1, truncated=no, start-type=GTG, RBS-motif=AGGAG
18:21:52.658 - INFO - CDS - seq=contig_3, start=172, stop=1035, strand=+, nt=[GTGAAGGCCG..GCCTTACTAG]
18:21:52.658 - INFO - CDS - seq=contig_4, start=169, stop=1290, strand=-, frame=3, truncated=no, start-type=ATG, RBS-motif=None
18:21:52.658 - INFO - CDS - seq=contig_4, start=1513, stop=2676, strand=-, frame=3, truncated=no, start-type=ATG, RBS-motif=None
18:21:52.658 - INFO - CDS - seq=contig_4, start=169, stop=1290, strand=-, nt=[ATGACAGTGC..CGAGCGGTAG]
18:21:52.658 - INFO - CDS - seq=contig_4, start=1513, stop=2676, strand=-, nt=[ATGCAAATTC..GCCTAACTGA]
18:21:52.658 - INFO - CDS - seq=contig_5, start=989, stop=3058, strand=-, frame=2, truncated=no, start-type=ATG, RBS-motif=None
18:21:52.658 - INFO - CDS - seq=contig_5, start=989, stop=3058, strand=-, nt=[ATGAAAAATT..GAGCAGGTAA]
18:21:52.658 - INFO - CDS - seq=contig_6, start=85, stop=459, strand=+, frame=1, truncated=no, start-type=ATG, RBS-motif=AAA
18:21:52.658 - INFO - CDS - seq=contig_6, start=553, stop=696, strand=+, frame=1, truncated=no, start-type=ATG, RBS-motif=None
18:21:52.658 - INFO - CDS - seq=contig_6, start=793, stop=1278, strand=+, frame=1, truncated=no, start-type=ATG, RBS-motif=AAA
18:21:52.658 - INFO - CDS - seq=contig_6, start=1327, stop=1542, strand=+, frame=1, truncated=no, start-type=ATG, RBS-motif=AAAA
18:21:52.658 - INFO - CDS - seq=contig_6, start=1614, stop=4370, strand=+, frame=3, truncated=no, start-type=ATG, RBS-motif=AACAA
18:21:52.659 - INFO - CDS - seq=contig_6, start=4386, stop=4760, strand=+, frame=3, truncated=no, start-type=ATG, RBS-motif=AAA
18:21:52.659 - INFO - CDS - seq=contig_6, start=4761, stop=4934, strand=-, frame=2, truncated=no, start-type=ATG, RBS-motif=None
18:21:52.659 - INFO - CDS - seq=contig_6, start=5075, stop=6658, strand=-, frame=3, truncated=no, start-type=ATG, RBS-motif=AAA
18:21:52.659 - INFO - CDS - seq=contig_6, start=7060, stop=7770, strand=+, frame=1, truncated=no, start-type=GTG, RBS-motif=None
18:21:52.659 - INFO - CDS - seq=contig_6, start=7790, stop=8479, strand=+, frame=2, truncated=no, start-type=ATG, RBS-motif=AAAA
18:21:52.659 - INFO - CDS - seq=contig_6, start=8715, stop=9386, strand=+, frame=3, truncated=no, start-type=GTG, RBS-motif=None
18:21:52.659 - INFO - CDS - seq=contig_6, start=9404, stop=9661, strand=+, frame=2, truncated=no, start-type=ATG, RBS-motif=AAAA
18:21:52.659 - INFO - CDS - seq=contig_6, start=9721, stop=10233, strand=+, frame=1, truncated=no, start-type=ATG, RBS-motif=AAA
18:21:52.659 - INFO - CDS - seq=contig_6, start=10239, stop=10739, strand=+, frame=3, truncated=no, start-type=ATG, RBS-motif=AAAA
18:21:52.659 - INFO - CDS - seq=contig_6, start=10828, stop=11763, strand=+, frame=1, truncated=no, start-type=ATG, RBS-motif=None
18:21:52.659 - INFO - CDS - seq=contig_6, start=11774, stop=12244, strand=+, frame=2, truncated=no, start-type=ATG, RBS-motif=AATAA
18:21:52.659 - INFO - CDS - seq=contig_6, start=12281, stop=13462, strand=+, frame=2, truncated=no, start-type=ATG, RBS-motif=AAAA
18:21:52.659 - INFO - CDS - seq=contig_6, start=13886, stop=14683, strand=+, frame=2, truncated=no, start-type=ATG, RBS-motif=AAAAA
18:21:52.659 - INFO - CDS - seq=contig_6, start=14763, stop=15332, strand=+, frame=3, truncated=no, start-type=ATG, RBS-motif=AAA
18:21:52.659 - INFO - CDS - seq=contig_6, start=15335, stop=15670, strand=+, frame=2, truncated=no, start-type=ATG, RBS-motif=AAAA
18:21:52.660 - INFO - CDS - seq=contig_6, start=16130, stop=16609, strand=+, frame=2, truncated=no, start-type=ATG, RBS-motif=AAA
18:21:52.660 - INFO - CDS - seq=contig_6, start=16693, stop=17646, strand=+, frame=1, truncated=no, start-type=ATG, RBS-motif=None
18:21:52.660 - INFO - CDS - seq=contig_6, start=17789, stop=18130, strand=+, frame=2, truncated=no, start-type=ATG, RBS-motif=None
18:21:52.660 - INFO - CDS - seq=contig_6, start=18183, stop=18617, strand=+, frame=3, truncated=no, start-type=ATG, RBS-motif=None
18:21:52.660 - INFO - CDS - seq=contig_6, start=18752, stop=19111, strand=+, frame=2, truncated=no, start-type=ATG, RBS-motif=AAAAA
18:21:52.660 - INFO - CDS - seq=contig_6, start=85, stop=459, strand=+, nt=[ATGAAGGATA..TTGCCAATGA]
18:21:52.660 - INFO - CDS - seq=contig_6, start=553, stop=696, strand=+, nt=[ATGATGAATA..AAAGAAATAG]
18:21:52.660 - INFO - CDS - seq=contig_6, start=793, stop=1278, strand=+, nt=[ATGAAAAGAG..AAAACAATAA]
18:21:52.660 - INFO - CDS - seq=contig_6, start=1327, stop=1542, strand=+, nt=[ATGGAAAATC..AACTGACTGA]
18:21:52.660 - INFO - CDS - seq=contig_6, start=1614, stop=4370, strand=+, nt=[ATGGCGAACA..GGGCGCATAG]
18:21:52.660 - INFO - CDS - seq=contig_6, start=4386, stop=4760, strand=+, nt=[ATGGACACCA..TGTCGAGTAG]
18:21:52.660 - INFO - CDS - seq=contig_6, start=4761, stop=4934, strand=-, nt=[ATGTTTTTGC..GTCTAAATAA]
18:21:52.660 - INFO - CDS - seq=contig_6, start=5075, stop=6658, strand=-, nt=[ATGAAAAAGC..TTGTTCCTAG]
18:21:52.660 - INFO - CDS - seq=contig_6, start=7060, stop=7770, strand=+, nt=[GTGAAAAGAC..GAAAAGCTAA]
18:21:52.660 - INFO - CDS - seq=contig_6, start=7790, stop=8479, strand=+, nt=[ATGAATTATC..GGCTCACTAA]
18:21:52.660 - INFO - CDS - seq=contig_6, start=8715, stop=9386, strand=+, nt=[GTGAACGAAC..AATAACTTAA]
18:21:52.660 - INFO - CDS - seq=contig_6, start=9404, stop=9661, strand=+, nt=[ATGTTGAAAT..AACCGCTTAG]
18:21:52.660 - INFO - CDS - seq=contig_6, start=9721, stop=10233, strand=+, nt=[ATGTCGAAAA..GGCAGTGTAA]
18:21:52.660 - INFO - CDS - seq=contig_6, start=10239, stop=10739, strand=+, nt=[ATGCCAAAAA..AATGTTGTAG]
18:21:52.660 - INFO - CDS - seq=contig_6, start=10828, stop=11763, strand=+, nt=[ATGAAAGTTA..CAAAATATAA]
18:21:52.660 - INFO - CDS - seq=contig_6, start=11774, stop=12244, strand=+, nt=[ATGCAAACAA..TTGGGACTGA]
18:21:52.661 - INFO - CDS - seq=contig_6, start=12281, stop=13462, strand=+, nt=[ATGATAAATA..TTCGCTTTGA]
18:21:52.661 - INFO - CDS - seq=contig_6, start=13886, stop=14683, strand=+, nt=[ATGACAAAAA..AGAGCCGTAA]
18:21:52.661 - INFO - CDS - seq=contig_6, start=14763, stop=15332, strand=+, nt=[ATGCTTATTT..CAAAATATAA]
18:21:52.661 - INFO - CDS - seq=contig_6, start=15335, stop=15670, strand=+, nt=[ATGATCGGCA..GGCTGCTTAA]
18:21:52.661 - INFO - CDS - seq=contig_6, start=16130, stop=16609, strand=+, nt=[ATGTCCCGAA..GGCTGCCTGA]
18:21:52.661 - INFO - CDS - seq=contig_6, start=16693, stop=17646, strand=+, nt=[ATGAAAATCT..TGGCAAATAA]
18:21:52.661 - INFO - CDS - seq=contig_6, start=17789, stop=18130, strand=+, nt=[ATGTGCGATA..TTGCAGATAA]
18:21:52.661 - INFO - CDS - seq=contig_6, start=18183, stop=18617, strand=+, nt=[ATGACGAGCA..CATTCAATAA]
18:21:52.661 - INFO - CDS - seq=contig_6, start=18752, stop=19111, strand=+, nt=[ATGAGAACTG..GTCTCTCTAA]
18:21:52.747 - INFO - CDS - seq=contig_7, start=367, stop=1089, strand=-, frame=2, truncated=no, start-type=ATG, RBS-motif=GGA/GAG/AGG
18:21:52.747 - INFO - CDS - seq=contig_7, start=1105, stop=1533, strand=-, frame=2, truncated=no, start-type=ATG, RBS-motif=GGAG/GAGG
18:21:52.747 - INFO - CDS - seq=contig_7, start=2403, stop=3452, strand=-, frame=3, truncated=no, start-type=ATG, RBS-motif=GGAG/GAGG
18:21:52.747 - INFO - CDS - seq=contig_7, start=3507, stop=4337, strand=+, frame=3, truncated=no, start-type=ATG, RBS-motif=None
18:21:52.748 - INFO - CDS - seq=contig_7, start=4545, stop=5417, strand=+, frame=3, truncated=no, start-type=ATG, RBS-motif=AGGAG
18:21:52.748 - INFO - CDS - seq=contig_7, start=5425, stop=6090, strand=+, frame=1, truncated=no, start-type=ATG, RBS-motif=None
18:21:52.748 - INFO - CDS - seq=contig_7, start=6087, stop=7700, strand=+, frame=3, truncated=no, start-type=GTG, RBS-motif=GGAG/GAGG
18:21:52.748 - INFO - CDS - seq=contig_7, start=7754, stop=8800, strand=+, frame=2, truncated=no, start-type=ATG, RBS-motif=AGGA
18:21:52.748 - INFO - CDS - seq=contig_7, start=8902, stop=9555, strand=+, frame=1, truncated=no, start-type=ATG, RBS-motif=GGAG/GAGG
18:21:52.748 - INFO - CDS - seq=contig_7, start=9706, stop=9921, strand=-, frame=2, truncated=no, start-type=GTG, RBS-motif=None
18:21:52.748 - INFO - CDS - seq=contig_7, start=9918, stop=10205, strand=-, frame=3, truncated=no, start-type=ATG, RBS-motif=GGAG/GAGG
18:21:52.748 - INFO - CDS - seq=contig_7, start=10556, stop=11017, strand=-, frame=1, truncated=no, start-type=TTG, RBS-motif=GGAGG
18:21:52.748 - INFO - CDS - seq=contig_7, start=11072, stop=11737, strand=+, frame=2, truncated=no, start-type=GTG, RBS-motif=None
18:21:52.748 - INFO - CDS - seq=contig_7, start=11737, stop=12423, strand=+, frame=1, truncated=no, start-type=ATG, RBS-motif=AGGAG
18:21:52.748 - INFO - CDS - seq=contig_7, start=12777, stop=13850, strand=-, frame=3, truncated=no, start-type=ATG, RBS-motif=None
18:21:52.748 - INFO - CDS - seq=contig_7, start=14638, stop=15813, strand=+, frame=1, truncated=no, start-type=TTG, RBS-motif=GGAG/GAGG
18:21:52.748 - INFO - CDS - seq=contig_7, start=16204, stop=17127, strand=-, frame=2, truncated=no, start-type=ATG, RBS-motif=GGAG/GAGG
18:21:52.748 - INFO - CDS - seq=contig_7, start=17329, stop=17706, strand=-, frame=2, truncated=no, start-type=GTG, RBS-motif=GGA/GAG/AGG
18:21:52.749 - INFO - CDS - seq=contig_7, start=17892, stop=18095, strand=-, frame=3, truncated=no, start-type=ATG, RBS-motif=GGAGG
18:21:52.749 - INFO - CDS - seq=contig_7, start=18291, stop=18539, strand=-, frame=3, truncated=no, start-type=ATG, RBS-motif=GGA/GAG/AGG
18:21:52.749 - INFO - CDS - seq=contig_7, start=19126, stop=19458, strand=+, frame=1, truncated=no, start-type=ATG, RBS-motif=GGA/GAG/AGG
18:21:52.749 - INFO - CDS - seq=contig_7, start=19419, stop=19841, strand=+, frame=3, truncated=no, start-type=ATG, RBS-motif=GGA/GAG/AGG
18:21:52.749 - INFO - CDS - seq=contig_7, start=20176, stop=20472, strand=-, frame=2, truncated=no, start-type=TTG, RBS-motif=GGAGG
18:21:52.749 - INFO - CDS - seq=contig_7, start=20691, stop=21650, strand=-, frame=3, truncated=no, start-type=ATG, RBS-motif=GGAGG
18:21:52.749 - INFO - CDS - seq=contig_7, start=21634, stop=22122, strand=-, frame=2, truncated=no, start-type=ATG, RBS-motif=GGA/GAG/AGG
18:21:52.749 - INFO - CDS - seq=contig_7, start=22127, stop=23293, strand=-, frame=1, truncated=no, start-type=ATG, RBS-motif=GGA/GAG/AGG
18:21:52.749 - INFO - CDS - seq=contig_7, start=23651, stop=24994, strand=+, frame=2, truncated=no, start-type=GTG, RBS-motif=GGA/GAG/AGG
18:21:52.749 - INFO - CDS - seq=contig_7, start=25059, stop=26054, strand=-, frame=3, truncated=no, start-type=ATG, RBS-motif=AGGA
18:21:52.749 - INFO - CDS - seq=contig_7, start=26348, stop=27877, strand=+, frame=2, truncated=no, start-type=ATG, RBS-motif=AGGA
18:21:52.749 - INFO - CDS - seq=contig_7, start=367, stop=1089, strand=-, nt=[ATGGCGATCA..GCAATATTGA]
18:21:52.749 - INFO - CDS - seq=contig_7, start=1105, stop=1533, strand=-, nt=[ATGACATCTC..AGCGCTTTGA]
18:21:52.749 - INFO - CDS - seq=contig_7, start=2403, stop=3452, strand=-, nt=[ATGTCAGCAC..GGGCCGCTAG]
18:21:52.749 - INFO - CDS - seq=contig_7, start=3507, stop=4337, strand=+, nt=[ATGCAAACGT..GCCGTCCTAA]
18:21:52.750 - INFO - CDS - seq=contig_7, start=4545, stop=5417, strand=+, nt=[ATGATACGGT..GCTGAACTAG]
18:21:52.750 - INFO - CDS - seq=contig_7, start=5425, stop=6090, strand=+, nt=[ATGCCCGCCG..GTTGAGGTGA]
18:21:52.750 - INFO - CDS - seq=contig_7, start=6087, stop=7700, strand=+, nt=[GTGACAGACC..CTGCCGATGA]
18:21:52.750 - INFO - CDS - seq=contig_7, start=7754, stop=8800, strand=+, nt=[ATGTTTTCAA..GGTCGTGTGA]
18:21:52.750 - INFO - CDS - seq=contig_7, start=8902, stop=9555, strand=+, nt=[ATGCGCACCA..GGCTTCGTAA]
18:21:52.750 - INFO - CDS - seq=contig_7, start=9706, stop=9921, strand=-, nt=[GTGATTGTCG..CCGAGACTAA]
18:21:52.750 - INFO - CDS - seq=contig_7, start=9918, stop=10205, strand=-, nt=[ATGACGCTTG..GTTCCGGTGA]
18:21:52.750 - INFO - CDS - seq=contig_7, start=10556, stop=11017, strand=-, nt=[TTGGACGTGC..TCGTCCGTAG]
18:21:52.750 - INFO - CDS - seq=contig_7, start=11072, stop=11737, strand=+, nt=[GTGTACGGGG..AGACGCATGA]
18:21:52.750 - INFO - CDS - seq=contig_7, start=11737, stop=12423, strand=+, nt=[ATGCTGAAAT..CGCTGCGTAG]
18:21:52.750 - INFO - CDS - seq=contig_7, start=12777, stop=13850, strand=-, nt=[ATGGATCAGG..CGCATTGTGA]
18:21:52.750 - INFO - CDS - seq=contig_7, start=14638, stop=15813, strand=+, nt=[TTGACTGTTA..AGTGCCATGA]
18:21:52.750 - INFO - CDS - seq=contig_7, start=16204, stop=17127, strand=-, nt=[ATGCGTCTGA..AGGCCAGTGA]
18:21:52.750 - INFO - CDS - seq=contig_7, start=17329, stop=17706, strand=-, nt=[GTGTTCGTCG..CGGAGGGTAA]
18:21:52.750 - INFO - CDS - seq=contig_7, start=17892, stop=18095, strand=-, nt=[ATGGAGATTT..CCGGACATGA]
18:21:52.750 - INFO - CDS - seq=contig_7, start=18291, stop=18539, strand=-, nt=[ATGCGCAACG..CGTTCCGTGA]
18:21:52.750 - INFO - CDS - seq=contig_7, start=19126, stop=19458, strand=+, nt=[ATGATCCACG..GCGACCGTGA]
18:21:52.750 - INFO - CDS - seq=contig_7, start=19419, stop=19841, strand=+, nt=[ATGGGGCGCA..CCTATCCTAA]
18:21:52.750 - INFO - CDS - seq=contig_7, start=20176, stop=20472, strand=-, nt=[TTGCGAGAGA..CGGGATGTAA]
18:21:52.750 - INFO - CDS - seq=contig_7, start=20691, stop=21650, strand=-, nt=[ATGTCGCTGC..GGCCCGTTAA]
18:21:52.750 - INFO - CDS - seq=contig_7, start=21634, stop=22122, strand=-, nt=[ATGTTCAAGC..TGCTCGCTGA]
18:21:52.750 - INFO - CDS - seq=contig_7, start=22127, stop=23293, strand=-, nt=[ATGCTCGACC..GTTGAGTTGA]
18:21:52.751 - INFO - CDS - seq=contig_7, start=23651, stop=24994, strand=+, nt=[GTGAGTGTAA..CAGCCAATAA]
18:21:52.751 - INFO - CDS - seq=contig_7, start=25059, stop=26054, strand=-, nt=[ATGAGCGAAA..TGAAGGCTGA]
18:21:52.751 - INFO - CDS - seq=contig_7, start=26348, stop=27877, strand=+, nt=[ATGCGGCCGC..GAACGGCTGA]
18:21:52.751 - INFO - CDS - seq=contig_8, start=498, stop=905, strand=-, frame=3, truncated=no, start-type=GTG, RBS-motif=None
18:21:52.751 - INFO - CDS - seq=contig_8, start=908, stop=1651, strand=-, frame=1, truncated=no, start-type=ATG, RBS-motif=None
18:21:52.751 - INFO - CDS - seq=contig_8, start=1710, stop=2264, strand=-, frame=3, truncated=no, start-type=ATG, RBS-motif=None
18:21:52.751 - INFO - CDS - seq=contig_8, start=2334, stop=3005, strand=-, frame=3, truncated=no, start-type=ATG, RBS-motif=None
18:21:52.751 - INFO - CDS - seq=contig_8, start=3091, stop=3264, strand=+, frame=1, truncated=no, start-type=ATG, RBS-motif=None
18:21:52.751 - INFO - CDS - seq=contig_8, start=3307, stop=3747, strand=+, frame=1, truncated=no, start-type=ATG, RBS-motif=None
18:21:52.751 - INFO - CDS - seq=contig_8, start=3852, stop=4814, strand=-, frame=3, truncated=no, start-type=GTG, RBS-motif=None
18:21:52.751 - INFO - CDS - seq=contig_8, start=498, stop=905, strand=-, nt=[GTGCGACATC..CGCGTGCTAA]
18:21:52.751 - INFO - CDS - seq=contig_8, start=908, stop=1651, strand=-, nt=[ATGAAAAAGG..TCATCGGTAA]
18:21:52.751 - INFO - CDS - seq=contig_8, start=1710, stop=2264, strand=-, nt=[ATGAAGCGTT..AAAGAGATAG]
18:21:52.751 - INFO - CDS - seq=contig_8, start=2334, stop=3005, strand=-, nt=[ATGAATACAC..CGCGTGTTGA]
18:21:52.751 - INFO - CDS - seq=contig_8, start=3091, stop=3264, strand=+, nt=[ATGGGACTCG..CGTGATATAG]
18:21:52.751 - INFO - CDS - seq=contig_8, start=3307, stop=3747, strand=+, nt=[ATGCATTCGT..GCTTGGATGA]
18:21:52.751 - INFO - CDS - seq=contig_8, start=3852, stop=4814, strand=-, nt=[GTGCCCGCGT..CGCGATGTAG]
18:21:52.752 - INFO - CDS - predicted=83
18:21:52.848 - INFO - ORF - discarded=0
18:21:52.861 - INFO - UPS - looked-up=2
18:21:52.862 - INFO - IPS - looked-up=2
18:21:52.862 - INFO - ORF - write internal aa seqs: # seqs=81, path=/tmp/tmp6w6ri4zo/cds.psc.faa
18:27:30.285 - INFO - PSC - found: PSC=25, PSCC=41
18:27:30.304 - INFO - PSC - looked-up=67
18:27:30.316 - INFO - PSCC - looked-up=64
18:27:30.316 - INFO - ORF - write internal aa seqs: # seqs=83, path=/tmp/tmp6w6ri4zo/cds.expert.faa
18:27:36.330 - INFO - EXPERT-AMRFINDER - found=6
18:27:38.938 - INFO - EXPERT_AA_SEQ - found=0
18:27:38.939 - INFO - ANNOTATION - fix gene: extract symbol from protein name. symbol=ubiE
18:27:38.939 - INFO - ANNOTATION - fix gene: extract symbol from protein name. symbol=ubiJ
18:27:38.940 - INFO - ANNOTATION - marked as hypothetical: seq=contig_2, start=6082, stop=7647, strand=+
18:27:38.940 - INFO - ANNOTATION - marked as hypothetical: seq=contig_2, start=7931, stop=8200, strand=+
18:27:38.940 - INFO - ANNOTATION - marked as hypothetical: seq=contig_5, start=989, stop=3058, strand=-
18:27:38.941 - INFO - ANNOTATION - marked as hypothetical: seq=contig_6, start=4761, stop=4934, strand=-
18:27:38.941 - INFO - ANNOTATION - fix gene: extract symbol from protein name. symbol=eamA
18:27:38.941 - INFO - ANNOTATION - fix gene: extract symbol from protein name. symbol=dinB
18:27:38.941 - INFO - ANNOTATION - marked as hypothetical: seq=contig_6, start=17789, stop=18130, strand=+
18:27:38.941 - INFO - ANNOTATION - marked as hypothetical: seq=contig_6, start=18183, stop=18617, strand=+
18:27:38.941 - INFO - ANNOTATION - fix gene: extract symbol from protein name. symbol=dsbD
18:27:38.942 - INFO - ANNOTATION - fix gene: extract symbol from protein name. symbol=doxX
18:27:38.942 - INFO - ANNOTATION - marked as hypothetical: seq=contig_7, start=9706, stop=9921, strand=-
18:27:38.942 - INFO - ANNOTATION - marked as hypothetical: seq=contig_7, start=9918, stop=10205, strand=-
18:27:38.942 - INFO - ANNOTATION - marked as hypothetical: seq=contig_7, start=10556, stop=11017, strand=-
18:27:38.942 - INFO - ANNOTATION - fix gene: extract symbol from protein name. symbol=yfcG
18:27:38.942 - INFO - ANNOTATION - marked as hypothetical: seq=contig_7, start=17329, stop=17706, strand=-
18:27:38.942 - INFO - ANNOTATION - marked as hypothetical: seq=contig_7, start=17892, stop=18095, strand=-
18:27:38.942 - INFO - ANNOTATION - marked as hypothetical: seq=contig_7, start=18291, stop=18539, strand=-
18:27:38.942 - INFO - ANNOTATION - marked as hypothetical: seq=contig_7, start=19126, stop=19458, strand=+
18:27:38.942 - INFO - ANNOTATION - marked as hypothetical: seq=contig_7, start=19419, stop=19841, strand=+
18:27:38.942 - INFO - ANNOTATION - marked as hypothetical: seq=contig_7, start=20176, stop=20472, strand=-
18:27:38.942 - INFO - ANNOTATION - marked as hypothetical: seq=contig_7, start=20691, stop=21650, strand=-
18:27:38.942 - INFO - ANNOTATION - fix gene: extract symbol from protein name. symbol=yliI
18:27:38.942 - INFO - ANNOTATION - marked as hypothetical: seq=contig_8, start=498, stop=905, strand=-
18:27:38.943 - INFO - ANNOTATION - fix gene: extract symbol from protein name. symbol=pqqC
18:27:38.943 - INFO - ANNOTATION - marked as hypothetical: seq=contig_8, start=3091, stop=3264, strand=+
18:27:38.943 - INFO - ANNOTATION - marked as hypothetical: seq=contig_8, start=3852, stop=4814, strand=-
18:27:38.943 - INFO - ORF - write internal aa seqs: # seqs=19, path=/tmp/tmp6w6ri4zo/cds.pseudo.candidates.faa
18:33:01.437 - INFO - CDS - found: pseudogene-candidates=2
18:33:03.126 - INFO - CDS - pseudogene observation: seq=contig_6, start=18183, stop=18617, strand=+, cause=insertion, position=18125
18:33:03.126 - INFO - CDS - pseudogene: seq=contig_6, start=18183, stop=18617, strand=+, insertions=[18125], deletions=[], mutations=[], effect=
18:33:03.127 - INFO - CDS - found: pseudogenes=1
18:33:03.140 - INFO - PSC - looked-up=1
18:33:03.146 - INFO - PSCC - looked-up=0
18:33:03.577 - INFO - CDS - pfam detected: seq=contig_2, start=6082, stop=7647, strand=+, pfam-id=PF03109.20, length=253, aa-start=89, aa-stop=341, aa-cov=0.5, hmm-cov=1.0, evalue=1.9e-75, bitscore=243.3, name=ABC1
18:33:03.704 - INFO - CDS - pfam detected: seq=contig_7, start=20691, stop=21650, strand=-, pfam-id=PF02522.18, length=232, aa-start=73, aa-stop=289, aa-cov=0.7, hmm-cov=0.9, evalue=1.9e-51, bitscore=165.0, name=Antibiotic_NAT
18:33:04.911 - INFO - CDS - pfam detected: seq=contig_7, start=17892, stop=18095, strand=-, pfam-id=PF02796.19, length=27, aa-start=6, aa-stop=32, aa-cov=0.4, hmm-cov=1.0, evalue=1.3e-08, bitscore=25.2, name=HTH_7
18:33:04.912 - INFO - CDS - pfam detected: seq=contig_7, start=17892, stop=18095, strand=-, pfam-id=PF09339.14, length=28, aa-start=7, aa-stop=32, aa-cov=0.4, hmm-cov=1.0, evalue=3.0e-08, bitscore=23.7, name=HTH_IclR
18:33:06.247 - INFO - CDS - predicted-pfams=4, CDS-w/-pfams=3
18:33:06.363 - INFO - S_ORF - predicted=711
18:33:06.779 - INFO - S_ORF - sORF filter: # valid=186, # discarded=525
18:33:06.870 - INFO - ORF - discarded=0
18:33:09.743 - INFO - UPS - looked-up=0
18:33:09.744 - INFO - IPS - looked-up=0
18:33:09.744 - INFO - ORF - write internal aa seqs: # seqs=186, path=/tmp/tmp6w6ri4zo/sorf.faa
18:33:09.968 - INFO - S_ORF - found=0
18:33:09.968 - INFO - PSC - looked-up=0
18:33:09.968 - INFO - PSCC - looked-up=0
18:33:11.649 - INFO - ORI - predicted=0
18:33:11.868 - INFO - ORI - predicted=0
18:33:11.869 - INFO - UTILS - generated sequence tag prefix: prefix=FGOHFLCFBG, length=10, MD5=F081F5CFB0C5DFE9D331A09F0EA9E5C8
18:33:11.869 - INFO - MAIN - selected features=84
18:33:11.870 - INFO - UTILS - generated sequence tag prefix: prefix=FGOHFL, length=6, MD5=F081F5CFB0C5DFE9D331A09F0EA9E5C8
18:33:11.870 - INFO - MAIN - locus tag prefix=FGOHFL
18:33:11.870 - INFO - UTILS - genome-size=77354
18:33:11.871 - INFO - UTILS - GC=0.558
18:33:11.871 - INFO - UTILS - N=0.000
18:33:11.871 - INFO - UTILS - N50=19389
18:33:11.871 - INFO - UTILS - N90=3266
18:33:11.871 - INFO - UTILS - coding-ratio=0.809
18:33:11.872 - INFO - TSV - write feature tsv: path=/media/databases/remake_antarctic_blas_pipeline/26.MGE_analysis/selected_bakta/MGEs.tsv
18:33:11.873 - INFO - GFF - write features: path=/media/databases/remake_antarctic_blas_pipeline/26.MGE_analysis/selected_bakta/MGEs.gff3
18:33:11.877 - INFO - INSDC - write GenBank: path=/media/databases/remake_antarctic_blas_pipeline/26.MGE_analysis/selected_bakta/MGEs.gbff
18:33:11.893 - INFO - INSDC - write EMBL: path=/media/databases/remake_antarctic_blas_pipeline/26.MGE_analysis/selected_bakta/MGEs.embl
18:33:11.910 - INFO - FASTA - write genome sequences: path=/media/databases/remake_antarctic_blas_pipeline/26.MGE_analysis/selected_bakta/MGEs.fna, description=True, wrap=True
18:33:11.911 - INFO - FASTA - write feature nucleotide sequences: path=/media/databases/remake_antarctic_blas_pipeline/26.MGE_analysis/selected_bakta/MGEs.ffn
18:33:11.912 - INFO - FASTA - write translated CDS/sORF: path=/media/databases/remake_antarctic_blas_pipeline/26.MGE_analysis/selected_bakta/MGEs.faa
18:33:11.912 - INFO - TSV - write tsv: path=/media/databases/remake_antarctic_blas_pipeline/26.MGE_analysis/selected_bakta/MGEs.inference.tsv
18:33:11.913 - INFO - TSV - write hypothetical tsv: path=/media/databases/remake_antarctic_blas_pipeline/26.MGE_analysis/selected_bakta/MGEs.hypotheticals.tsv
18:33:11.913 - INFO - FASTA - write translated CDS/sORF: path=/media/databases/remake_antarctic_blas_pipeline/26.MGE_analysis/selected_bakta/MGEs.hypotheticals.faa
18:33:11.913 - INFO - JSON - write JSON: path=/media/databases/remake_antarctic_blas_pipeline/26.MGE_analysis/selected_bakta/MGEs.json
18:33:11.927 - INFO - MAIN - removed tmp dir: /tmp/tmp6w6ri4zo
